[0.024s] Invoking command in '/home/bn_shiva/ros2_ws/src/build/my_robot_localization': CMAKE_PREFIX_PATH=${CMAKE_PREFIX_PATH}:/opt/ros/jazzy /usr/bin/cmake /home/bn_shiva/ros2_ws/src/my_robot_localization -DCMAKE_INSTALL_PREFIX=/home/bn_shiva/ros2_ws/src/install/my_robot_localization
[0.500s] -- The C compiler identification is GNU 13.3.0
[1.243s] -- The CXX compiler identification is GNU 13.3.0
[1.847s] -- Detecting C compiler ABI info
[2.192s] -- Detecting C compiler ABI info - done
[2.202s] -- Check for working C compiler: /usr/bin/cc - skipped
[2.203s] -- Detecting C compile features
[2.204s] -- Detecting C compile features - done
[2.297s] -- Detecting CXX compiler ABI info
[2.594s] -- Detecting CXX compiler ABI info - done
[2.605s] -- Check for working CXX compiler: /usr/bin/c++ - skipped
[2.605s] -- Detecting CXX compile features
[2.606s] -- Detecting CXX compile features - done
[2.654s] -- Found ament_cmake: 2.5.6 (/opt/ros/jazzy/share/ament_cmake/cmake)
[2.882s] -- Found Python3: /usr/bin/python3 (found version "3.12.3") found components: Interpreter 
[3.203s] -- Configuring done (3.1s)
[3.210s] -- Generating done (0.0s)
[3.213s] -- Build files have been written to: /home/bn_shiva/ros2_ws/src/build/my_robot_localization
[3.219s] Invoked command in '/home/bn_shiva/ros2_ws/src/build/my_robot_localization' returned '0': CMAKE_PREFIX_PATH=${CMAKE_PREFIX_PATH}:/opt/ros/jazzy /usr/bin/cmake /home/bn_shiva/ros2_ws/src/my_robot_localization -DCMAKE_INSTALL_PREFIX=/home/bn_shiva/ros2_ws/src/install/my_robot_localization
[3.221s] Invoking command in '/home/bn_shiva/ros2_ws/src/build/my_robot_localization': CMAKE_PREFIX_PATH=${CMAKE_PREFIX_PATH}:/opt/ros/jazzy /usr/bin/cmake --build /home/bn_shiva/ros2_ws/src/build/my_robot_localization -- -j12 -l12
[3.277s] Invoked command in '/home/bn_shiva/ros2_ws/src/build/my_robot_localization' returned '0': CMAKE_PREFIX_PATH=${CMAKE_PREFIX_PATH}:/opt/ros/jazzy /usr/bin/cmake --build /home/bn_shiva/ros2_ws/src/build/my_robot_localization -- -j12 -l12
[3.291s] Invoking command in '/home/bn_shiva/ros2_ws/src/build/my_robot_localization': CMAKE_PREFIX_PATH=${CMAKE_PREFIX_PATH}:/opt/ros/jazzy /usr/bin/cmake --install /home/bn_shiva/ros2_ws/src/build/my_robot_localization
[3.303s] -- Install configuration: ""
[3.303s] -- Installing: /home/bn_shiva/ros2_ws/src/install/my_robot_localization/share/my_robot_localization/config
[3.305s] -- Installing: /home/bn_shiva/ros2_ws/src/install/my_robot_localization/share/my_robot_localization/launch
[3.306s] -- Installing: /home/bn_shiva/ros2_ws/src/install/my_robot_localization/share/ament_index/resource_index/package_run_dependencies/my_robot_localization
[3.307s] -- Installing: /home/bn_shiva/ros2_ws/src/install/my_robot_localization/share/ament_index/resource_index/parent_prefix_path/my_robot_localization
[3.308s] -- Installing: /home/bn_shiva/ros2_ws/src/install/my_robot_localization/share/my_robot_localization/environment/ament_prefix_path.sh
[3.308s] -- Installing: /home/bn_shiva/ros2_ws/src/install/my_robot_localization/share/my_robot_localization/environment/ament_prefix_path.dsv
[3.308s] -- Installing: /home/bn_shiva/ros2_ws/src/install/my_robot_localization/share/my_robot_localization/environment/path.sh
[3.309s] -- Installing: /home/bn_shiva/ros2_ws/src/install/my_robot_localization/share/my_robot_localization/environment/path.dsv
[3.309s] -- Installing: /home/bn_shiva/ros2_ws/src/install/my_robot_localization/share/my_robot_localization/local_setup.bash
[3.309s] -- Installing: /home/bn_shiva/ros2_ws/src/install/my_robot_localization/share/my_robot_localization/local_setup.sh
[3.309s] -- Installing: /home/bn_shiva/ros2_ws/src/install/my_robot_localization/share/my_robot_localization/local_setup.zsh
[3.310s] -- Installing: /home/bn_shiva/ros2_ws/src/install/my_robot_localization/share/my_robot_localization/local_setup.dsv
[3.310s] -- Installing: /home/bn_shiva/ros2_ws/src/install/my_robot_localization/share/my_robot_localization/package.dsv
[3.310s] -- Installing: /home/bn_shiva/ros2_ws/src/install/my_robot_localization/share/ament_index/resource_index/packages/my_robot_localization
[3.311s] -- Installing: /home/bn_shiva/ros2_ws/src/install/my_robot_localization/share/my_robot_localization/cmake/my_robot_localizationConfig.cmake
[3.311s] -- Installing: /home/bn_shiva/ros2_ws/src/install/my_robot_localization/share/my_robot_localization/cmake/my_robot_localizationConfig-version.cmake
[3.311s] -- Installing: /home/bn_shiva/ros2_ws/src/install/my_robot_localization/share/my_robot_localization/package.xml
[3.314s] Invoked command in '/home/bn_shiva/ros2_ws/src/build/my_robot_localization' returned '0': CMAKE_PREFIX_PATH=${CMAKE_PREFIX_PATH}:/opt/ros/jazzy /usr/bin/cmake --install /home/bn_shiva/ros2_ws/src/build/my_robot_localization
